[1m[[0m
  [1m{[0m
    [1m[94m"ts"[0m[1m:[0m [32m"2025-01-15T10:30:00Z"[0m[1m,[0m
    [1m[94m"pid"[0m[1m:[0m [33m1[0m[1m,[0m
    [1m[94m"process"[0m[1m:[0m [32m"tcp-server"[0m[1m,[0m
    [1m[94m"user"[0m[1m:[0m [32m""[0m[1m,[0m
    [1m[94m"uid"[0m[1m:[0m [33m0[0m[1m,[0m
    [1m[94m"proto"[0m[1m:[0m [32m"tcp"[0m[1m,[0m
    [1m[94m"ipversion"[0m[1m:[0m [32m""[0m[1m,[0m
    [1m[94m"state"[0m[1m:[0m [32m"LISTEN"[0m[1m,[0m
    [1m[94m"laddr"[0m[1m:[0m [32m"0.0.0.0"[0m[1m,[0m
    [1m[94m"lport"[0m[1m:[0m [33m80[0m[1m,[0m
    [1m[94m"raddr"[0m[1m:[0m [32m""[0m[1m,[0m
    [1m[94m"rport"[0m[1m:[0m [33m0[0m[1m,[0m
    [1m[94m"interface"[0m[1m:[0m [32m"eth0"[0m[1m,[0m
    [1m[94m"rx_bytes"[0m[1m:[0m [33m0[0m[1m,[0m
    [1m[94m"tx_bytes"[0m[1m:[0m [33m0[0m[1m,[0m
    [1m[94m"rtt_ms"[0m[1m:[0m [33m0[0m[1m,[0m
    [1m[94m"mark"[0m[1m:[0m [32m""[0m[1m,[0m
    [1m[94m"namespace"[0m[1m:[0m [32m""[0m[1m,[0m
    [1m[94m"inode"[0m[1m:[0m [33m0[0m
  [1m}[0m,
  [1m{[0m
    [1m[94m"ts"[0m[1m:[0m [32m"2025-01-15T10:30:01Z"[0m[1m,[0m
    [1m[94m"pid"[0m[1m:[0m [33m2[0m[1m,[0m
    [1m[94m"process"[0m[1m:[0m [32m"udp-server"[0m[1m,[0m
    [1m[94m"user"[0m[1m:[0m [32m""[0m[1m,[0m
    [1m[94m"uid"[0m[1m:[0m [33m0[0m[1m,[0m
    [1m[94m"proto"[0m[1m:[0m [32m"udp"[0m[1m,[0m
    [1m[94m"ipversion"[0m[1m:[0m [32m""[0m[1m,[0m
    [1m[94m"state"[0m[1m:[0m [32m"CONNECTED"[0m[1m,[0m
    [1m[94m"laddr"[0m[1m:[0m [32m"0.0.0.0"[0m[1m,[0m
    [1m[94m"lport"[0m[1m:[0m [33m53[0m[1m,[0m
    [1m[94m"raddr"[0m[1m:[0m [32m""[0m[1m,[0m
    [1m[94m"rport"[0m[1m:[0m [33m0[0m[1m,[0m
    [1m[94m"interface"[0m[1m:[0m [32m"eth0"[0m[1m,[0m
    [1m[94m"rx_bytes"[0m[1m:[0m [33m0[0m[1m,[0m
    [1m[94m"tx_bytes"[0m[1m:[0m [33m0[0m[1m,[0m
    [1m[94m"rtt_ms"[0m[1m:[0m [33m0[0m[1m,[0m
    [1m[94m"mark"[0m[1m:[0m [32m""[0m[1m,[0m
    [1m[94m"namespace"[0m[1m:[0m [32m""[0m[1m,[0m
    [1m[94m"inode"[0m[1m:[0m [33m0[0m
  [1m}[0m,
  [1m{[0m
    [1m[94m"ts"[0m[1m:[0m [32m"2025-01-15T10:30:02Z"[0m[1m,[0m
    [1m[94m"pid"[0m[1m:[0m [33m3[0m[1m,[0m
    [1m[94m"process"[0m[1m:[0m [32m"unix-app"[0m[1m,[0m
    [1m[94m"user"[0m[1m:[0m [32m""[0m[1m,[0m
    [1m[94m"uid"[0m[1m:[0m [33m0[0m[1m,[0m
    [1m[94m"proto"[0m[1m:[0m [32m"unix"[0m[1m,[0m
    [1m[94m"ipversion"[0m[1m:[0m [32m""[0m[1m,[0m
    [1m[94m"state"[0m[1m:[0m [32m"CONNECTED"[0m[1m,[0m
    [1m[94m"laddr"[0m[1m:[0m [32m"/tmp/test.sock"[0m[1m,[0m
    [1m[94m"lport"[0m[1m:[0m [33m0[0m[1m,[0m
    [1m[94m"raddr"[0m[1m:[0m [32m""[0m[1m,[0m
    [1m[94m"rport"[0m[1m:[0m [33m0[0m[1m,[0m
    [1m[94m"interface"[0m[1m:[0m [32m"unix"[0m[1m,[0m
    [1m[94m"rx_bytes"[0m[1m:[0m [33m0[0m[1m,[0m
    [1m[94m"tx_bytes"[0m[1m:[0m [33m0[0m[1m,[0m
    [1m[94m"rtt_ms"[0m[1m:[0m [33m0[0m[1m,[0m
    [1m[94m"mark"[0m[1m:[0m [32m""[0m[1m,[0m
    [1m[94m"namespace"[0m[1m:[0m [32m""[0m[1m,[0m
    [1m[94m"inode"[0m[1m:[0m [33m0[0m
  [1m}[0m
[1m][0m
