[1m[[0m
  [1m{[0m
    [1m[94m"ts"[0m[1m:[0m [32m"2025-08-25T19:24:18.530991+02:00"[0m[1m,[0m
    [1m[94m"pid"[0m[1m:[0m [33m1234[0m[1m,[0m
    [1m[94m"process"[0m[1m:[0m [32m"test-app"[0m[1m,[0m
    [1m[94m"user"[0m[1m:[0m [32m"test-user"[0m[1m,[0m
    [1m[94m"uid"[0m[1m:[0m [33m1000[0m[1m,[0m
    [1m[94m"proto"[0m[1m:[0m [32m"tcp"[0m[1m,[0m
    [1m[94m"ipversion"[0m[1m:[0m [32m"IPv4"[0m[1m,[0m
    [1m[94m"state"[0m[1m:[0m [32m"ESTABLISHED"[0m[1m,[0m
    [1m[94m"laddr"[0m[1m:[0m [32m"127.0.0.1"[0m[1m,[0m
    [1m[94m"lport"[0m[1m:[0m [33m8080[0m[1m,[0m
    [1m[94m"raddr"[0m[1m:[0m [32m"127.0.0.1"[0m[1m,[0m
    [1m[94m"rport"[0m[1m:[0m [33m9090[0m[1m,[0m
    [1m[94m"interface"[0m[1m:[0m [32m"lo"[0m[1m,[0m
    [1m[94m"rx_bytes"[0m[1m:[0m [33m1024[0m[1m,[0m
    [1m[94m"tx_bytes"[0m[1m:[0m [33m512[0m[1m,[0m
    [1m[94m"rtt_ms"[0m[1m:[0m [33m1[0m[1m,[0m
    [1m[94m"mark"[0m[1m:[0m [32m"0x0"[0m[1m,[0m
    [1m[94m"namespace"[0m[1m:[0m [32m"init"[0m[1m,[0m
    [1m[94m"inode"[0m[1m:[0m [33m99999[0m
  [1m}[0m
[1m][0m
