timestamp,metric,key,value
NORMALIZED_TIMESTAMP,total,,3
NORMALIZED_TIMESTAMP,proto,tcp,1
NORMALIZED_TIMESTAMP,proto,udp,1
NORMALIZED_TIMESTAMP,proto,unix,1
NORMALIZED_TIMESTAMP,state,LISTEN,1
NORMALIZED_TIMESTAMP,state,CONNECTED,2
NORMALIZED_TIMESTAMP,process,tcp-server,1
NORMALIZED_TIMESTAMP,process,udp-server,1
NORMALIZED_TIMESTAMP,process,unix-app,1
NORMALIZED_TIMESTAMP,interface,eth0,2
NORMALIZED_TIMESTAMP,interface,unix,1
